=== cmd 0: [list] ===
   â—Ž namespace:   DEFAULT                       
â””â”€ â›“ chain:       31337                         
  
  PROXIES
  ERC1967Proxy:UpgradeableCounter     0x20C1EF3EFA51FC15592BEFff06471E21FfDCDD06   ðŸ…” ? ðŸ…¢ ?         <TIMESTAMP>   
  â””â”€ UpgradeableCounter                                                                                                  
  
  IMPLEMENTATIONS
  UpgradeableCounter                  0xD63F2d37AbB6c1A94A6Db9CadCbA622ac78D3903   ðŸ…” ? ðŸ…¢ ?         <TIMESTAMP>   
  
  SINGLETONS
  Counter                             0x74148047D6bDf624C94eFc07F60cEE7b6052FB29   ðŸ…” ? ðŸ…¢ ?         <TIMESTAMP>   
  
  LIBRARIES
  StringUtils                         0xEcAbca4de814110d52a03Bedb1Ec96827F579d1a   ðŸ…” ? ðŸ…¢ ?         <TIMESTAMP>   

Total deployments: 4
