{
  "default/31337/Counter": {
    "id": "default/31337/Counter",
    "namespace": "default",
    "chainId": 31337,
    "contractName": "Counter",
    "label": "",
    "address": "0x74148047D6bDf624C94eFc07F60cEE7b6052FB29",
    "type": "SINGLETON",
    "transactionId": "tx-<ID>",
    "deploymentStrategy": {
      "method": "CREATE3",
      "salt": "0xf39fd6e51aad88f6f4ce6ab8827279cfffb9226600bc0af06a84bc65cc2a2b7f",
      "initCodeHash": "0x6b4b0d70f62210e7956a96f3bb74f24ec0326d67968691426354cc51d99c27fd",
      "factory": "0xba5Ed099633D3B313e4D5F7bdc1305d3c28ba5Ed",
      "constructorArgs": "0x",
      "entropy": "default/src/Counter.sol:Counter"
    },
    "proxyInfo": null,
    "artifact": {
      "path": "src/Counter.sol",
      "compilerVersion": "0.8.30+commit.73712a01",
      "bytecodeHash": "0x6b4b0d70f62210e7956a96f3bb74f24ec0326d67968691426354cc51d99c27fd",
      "scriptPath": "script/deploy/DeployCounter.s.sol",
      "gitCommit": ""
    },
    "verification": {
      "status": "UNVERIFIED"
    },
    "tags": null,
    "createdAt": "<TIMESTAMP>",
    "updatedAt": "<TIMESTAMP>"
  },
  "default/31337/ERC1967Proxy:UpgradeableCounter": {
    "id": "default/31337/ERC1967Proxy:UpgradeableCounter",
    "namespace": "default",
    "chainId": 31337,
    "contractName": "ERC1967Proxy",
    "label": "UpgradeableCounter",
    "address": "0x20C1EF3EFA51FC15592BEFff06471E21FfDCDD06",
    "type": "PROXY",
    "transactionId": "tx-<ID>",
    "deploymentStrategy": {
      "method": "CREATE3",
      "salt": "0xf39fd6e51aad88f6f4ce6ab8827279cfffb9226600f6b6fafac5c50203ad95f7",
      "initCodeHash": "0x3c11752f255db64eca65bf84360f34d1b3451b161c7742537155739bfa9a3a26",
      "factory": "0xba5Ed099633D3B313e4D5F7bdc1305d3c28ba5Ed",
      "constructorArgs": "0x000000000000000000000000d63f2d37abb6c1a94a6db9cadcba622ac78d390300000000000000000000000000000000000000000000000000000000000000400000000000000000000000000000000000000000000000000000000000000024c4d66de8000000000000000000000000000000000000000000000000000000000000000000000000000000000000000000000000000000000000000000000000",
      "entropy": "default/ERC1967Proxy:UpgradeableCounter"
    },
    "proxyInfo": {
      "type": "UUPS",
      "implementation": "0xD63F2d37AbB6c1A94A6Db9CadCbA622ac78D3903",
      "history": []
    },
    "artifact": {
      "path": "lib/openzeppelin-contracts/contracts/proxy/ERC1967/ERC1967Proxy.sol",
      "compilerVersion": "0.8.30+commit.73712a01",
      "bytecodeHash": "0xbbd3799951bbce5d0fef3d4d0ac7b51275f4d7074313155014017539b08c3565",
      "scriptPath": "script/deploy/DeployUpgradeableCounterProxy.s.sol",
      "gitCommit": ""
    },
    "verification": {
      "status": "UNVERIFIED"
    },
    "tags": null,
    "createdAt": "<TIMESTAMP>",
    "updatedAt": "<TIMESTAMP>"
  },
  "default/31337/StringUtils": {
    "id": "default/31337/StringUtils",
    "namespace": "default",
    "chainId": 31337,
    "contractName": "StringUtils",
    "label": "",
    "address": "0xEcAbca4de814110d52a03Bedb1Ec96827F579d1a",
    "type": "LIBRARY",
    "transactionId": "tx-<ID>",
    "deploymentStrategy": {
      "method": "CREATE2",
      "salt": "0xf39fd6e51aad88f6f4ce6ab8827279cfffb9226600025d1cfe8c1c98f1d353f0",
      "initCodeHash": "0x2e96b5f8f6edd69221c39cac27dea4f64bc46f8e8d566b4599cbc5a02f2fd215",
      "factory": "0xba5Ed099633D3B313e4D5F7bdc1305d3c28ba5Ed",
      "constructorArgs": "0x",
      "entropy": "default/src/StringUtils.sol:StringUtils"
    },
    "proxyInfo": null,
    "artifact": {
      "path": "src/StringUtils.sol",
      "compilerVersion": "0.8.30+commit.73712a01",
      "bytecodeHash": "0x2e96b5f8f6edd69221c39cac27dea4f64bc46f8e8d566b4599cbc5a02f2fd215",
      "scriptPath": "script/deploy/DeployStringUtils.s.sol",
      "gitCommit": ""
    },
    "verification": {
      "status": "UNVERIFIED"
    },
    "tags": null,
    "createdAt": "<TIMESTAMP>",
    "updatedAt": "<TIMESTAMP>"
  },
  "default/31337/UpgradeableCounter": {
    "id": "default/31337/UpgradeableCounter",
    "namespace": "default",
    "chainId": 31337,
    "contractName": "UpgradeableCounter",
    "label": "",
    "address": "0xD63F2d37AbB6c1A94A6Db9CadCbA622ac78D3903",
    "type": "SINGLETON",
    "transactionId": "tx-<ID>",
    "deploymentStrategy": {
      "method": "CREATE3",
      "salt": "0xf39fd6e51aad88f6f4ce6ab8827279cfffb92266008d9e2c117c70323e10888e",
      "initCodeHash": "0xfcc1922208e5b41b9e53337bcfbe88b2aac805f91b20464d7c3e90ae9fa5766d",
      "factory": "0xba5Ed099633D3B313e4D5F7bdc1305d3c28ba5Ed",
      "constructorArgs": "0x",
      "entropy": "default/src/UpgradeableCounter.sol:UpgradeableCounter"
    },
    "proxyInfo": null,
    "artifact": {
      "path": "src/UpgradeableCounter.sol",
      "compilerVersion": "0.8.30+commit.73712a01",
      "bytecodeHash": "0xfcc1922208e5b41b9e53337bcfbe88b2aac805f91b20464d7c3e90ae9fa5766d",
      "scriptPath": "script/deploy/DeployUpgradeableCounterProxy.s.sol",
      "gitCommit": ""
    },
    "verification": {
      "status": "UNVERIFIED"
    },
    "tags": null,
    "createdAt": "<TIMESTAMP>",
    "updatedAt": "<TIMESTAMP>"
  }
}
