{
  "default/31337/MyToken": {
    "id": "default/31337/MyToken",
    "namespace": "default",
    "chainId": 31337,
    "contractName": "MyToken",
    "label": "",
    "address": "0x6c8D83F62F83A8D46F091094BA15B75F35A8E85E",
    "type": "SINGLETON",
    "transactionId": "tx-<ID>",
    "deploymentStrategy": {
      "method": "CREATE3",
      "salt": "0xf39fd6e51aad88f6f4ce6ab8827279cfffb9226600b502eb8feed7af152d3bfe",
      "initCodeHash": "0x32d1352d4eca773b772beec28e025b866ccf690e6fc553f86bcae39ade349f8b",
      "factory": "0xba5Ed099633D3B313e4D5F7bdc1305d3c28ba5Ed",
      "constructorArgs": "0x00000000000000000000000000000000000000000000000000000000000000600000000000000000000000000000000000000000000000000000000000000080000000000000000000000000000000000000000000000000000000000000000000000000000000000000000000000000000000000000000000000000000000000000000000000000000000000000000000000000000000000000000000000000",
      "entropy": "default/src/other/MyToken.sol:MyToken"
    },
    "proxyInfo": null,
    "artifact": {
      "path": "src/other/MyToken.sol",
      "compilerVersion": "0.8.30+commit.73712a01",
      "bytecodeHash": "0x0512dba591a47296b7b4d80ca50a70f09efb585fd0e753ae17047005decb2f0b",
      "scriptPath": "script/deploy/DeployMyToken.s.sol",
      "gitCommit": ""
    },
    "verification": {
      "status": "UNVERIFIED"
    },
    "tags": null,
    "createdAt": "<TIMESTAMP>+03:00",
    "updatedAt": "<TIMESTAMP>+03:00"
  }
}
