{
  "31337": {
    "default": {
      "StringUtils": "0x8759D6E3523Ee1c76E6642103d87d09A164EFe23"
    }
  }
}
