=== cmd 0: [list --namespace staging] ===
   â—Ž namespace:   STAGING                       
â””â”€ â›“ chain:       31337                         
  
  SINGLETONS
  Counter     0x144180Ad5257d58F4AB181af127266Ba3F6Aa042   ðŸ…” ? ðŸ…¢ ?         <TIMESTAMP>   

Total deployments: 1


=== cmd 1: [list --namespace production] ===
   â—Ž namespace:   PRODUCTION                    
â””â”€ â›“ chain:       31337                         
  
  SINGLETONS
  Counter     0x9526cB2eC6e5b9E38b5A6949543417F84cc878d5   ðŸ…” ? ðŸ…¢ ?         <TIMESTAMP>   

Total deployments: 1
