=== cmd 0: [list --namespace production] ===
   â—Ž namespace:   PRODUCTION                    
â”œâ”€ â›“ chain:       31337                         
â”‚ 
â”‚ SINGLETONS
â”‚ Counter     0x9526cB2eC6e5b9E38b5A6949543417F84cc878d5   ðŸ…” ? ðŸ…¢ ?         <TIMESTAMP>   
â”‚ 
â””â”€ â›“ chain:       31338                         
  
  SINGLETONS
  Counter     0x9526cB2eC6e5b9E38b5A6949543417F84cc878d5   ðŸ…” ? ðŸ…¢ ?         <TIMESTAMP>   

Total deployments: 2


=== cmd 1: [list --namespace default] ===
   â—Ž namespace:   DEFAULT                       
â”œâ”€ â›“ chain:       31337                         
â”‚ 
â”‚ SINGLETONS
â”‚ Counter     0x74148047D6bDf624C94eFc07F60cEE7b6052FB29   ðŸ…” ? ðŸ…¢ ?         <TIMESTAMP>   
â”‚ 
â””â”€ â›“ chain:       31338                         
  
  SINGLETONS
  Counter     0x74148047D6bDf624C94eFc07F60cEE7b6052FB29   ðŸ…” ? ðŸ…¢ ?         <TIMESTAMP>   

Total deployments: 2
