Error: no deployments found matching 'NonExistent'
