=== cmd 0: [config remove invalid] ===
Error: unknown config key: invalid
Available keys: namespace (ns), network
