=== cmd 0: [run script/deploy/DeployCounter.s.sol --env LABEL=v1] ===

🚀 Running Deployment Script
──────────────────────────────────────────────────
  Script:    DeployCounter
  Network:   anvil-31337 (31337)
  Namespace: default
  Mode:      LIVE
  Env Vars:  LABEL=v1
  Senders:   [anvil]
──────────────────────────────────────────────────

🔄 Transactions:
──────────────────────────────────────────────────

executed  anvil → CreateX::deployCreate3(salt: 0xf39fd6e5..., initCode: 0x60806040...)
├─ new 0x450314511Ff1B9B7Bae541f648Ce3d9dA4cB5c4C()
│  └─ [return] 0x450314511Ff1B9B7Bae541f648Ce3d9dA4cB5c4C
├─ Create3ProxyContractCreation(newContract: 0x4503...5c4C, salt: 0xed10f3f8...)
├─ 0x450314511Ff1B9B7Bae541f648Ce3d9dA4cB5c4C::unknown()
│  └─ 🚀 new Counter()
│     └─ [return] 0xdE06172EB8C24165438479C9b69E3F83832d9EA3
└─ ContractCreation(newContract: Counter: [0xdE06172EB8C241654...)
   Tx: 0x<HASH> | Block: 1 | Gas: 185932

📦 Deployment Summary:
──────────────────────────────────────────────────
Counter:v1 at 0xdE06172EB8C24165438479C9b69E3F83832d9EA3


📝 Script Logs:
────────────────────────────────────────
  Registry: failed to load registry from .treb/registry.json

✓ Updated registry for anvil-31337 network in namespace default
✓ Script execution completed successfully


=== cmd 1: [show Counter:v1] ===
Deployment: default/31337/Counter:v1
================================================================================

Basic Information:
  Contract: Counter:v1
  Address: 0xdE06172EB8C24165438479C9b69E3F83832d9EA3
  Type: SINGLETON
  Namespace: default
  Network: 31337
  Label: v1

Deployment Strategy:
  Method: CREATE3
  Factory: 0xba5Ed099633D3B313e4D5F7bdc1305d3c28ba5Ed
  Salt: 0xf39fd6e51aad88f6f4ce6ab8827279cfffb9226600d0797969b859b2fe38648e
  Entropy: default/src/Counter.sol:Counter:v1
  Init Code Hash: 0x<HASH>

Artifact Information:
  Path: src/Counter.sol
  Compiler: 0.8.30+commit.73712a01
  Bytecode Hash: 0x<HASH>
  Script: script/deploy/DeployCounter.s.sol

Verification Status:
  Status: UNVERIFIED

Transaction Information:
  Hash: 0x<HASH>
  Status: EXECUTED
  Sender: 0xf39Fd6e51aad88F6F4ce6aB8827279cffFb92266
  Block: 1

Timestamps:
  Created: <TIMESTAMP>
  Updated: <TIMESTAMP>
