{
  "31337": {
    "default": {
      "Counter:v1": "0xdE06172EB8C24165438479C9b69E3F83832d9EA3"
    }
  }
}
