Deployment: production/31337/Counter
================================================================================

Basic Information:
  Contract: Counter
  Address: 0x9526cB2eC6e5b9E38b5A6949543417F84cc878d5
  Type: SINGLETON
  Namespace: production
  Network: anvil-31337 (chain ID: 31337)

Deployment Strategy:
  Method: CREATE3
  Factory: 0xba5Ed099633D3B313e4D5F7bdc1305d3c28ba5Ed
  Salt: 0xf39fd6e51aad88f6f4ce6ab8827279cfffb9226600d535a44479bfecd16a9d09
  Entropy: production/src/Counter.sol:Counter
  Init Code Hash: 0x<HASH>

Artifact Information:
  Path: src/Counter.sol
  Compiler: 0.8.30+commit.73712a01
  Bytecode Hash: 0x<HASH>
  Script: script/deploy/DeployCounter.s.sol
  Git Commit: <GIT_COMMIT>

Verification Status:
  Status: UNVERIFIED

Transaction Information:
  Hash: 0x<HASH>
  Status: EXECUTED
  Sender: 0xf39Fd6e51aad88F6F4ce6aB8827279cffFb92266
  Block: 2

Timestamps:
  Created: <TIMESTAMP>
  Updated: <TIMESTAMP>
