Error: failed to resolve deployment: no deployments found matching 'NonExistent'
