=== cmd 0: [run script/deploy/DeploySampleToken.s.sol] ===

🚀 Running Deployment Script
──────────────────────────────────────────────────
  Script:    DeploySampleToken
  Network:   anvil-31337 (31337)
  Namespace: default
  Mode:      LIVE
  Senders:   [anvil]
──────────────────────────────────────────────────

🔄 Transactions:
──────────────────────────────────────────────────

executed  anvil → CreateX::deployCreate3(salt: 0xf39fd6e5..., initCode: 0x60806040...)
├─ new 0xb60D32127E2e36c9C417885183464cd2848Cc6fd()
│  └─ [return] 0xb60D32127E2e36c9C417885183464cd2848Cc6fd
├─ Create3ProxyContractCreation(newContract: 0xb60D...c6fd, salt: 0x77d5e876...)
├─ 0xb60D32127E2e36c9C417885183464cd2848Cc6fd::unknown()
│  └─ 🚀 new SampleToken(
│     │    _name:: "",
│     │    _symbol:: "",
│     │    _totalSupply:: 0
│     │  )
│     └─ [return] 0x793f69C1702a0E900a142D8575E44F9E4DA86fFf
└─ ContractCreation(newContract: SampleToken: [0x793f69C1702a0...)
   Tx: 0x<HASH> | Block: 1 | Gas: 395961

📦 Deployment Summary:
──────────────────────────────────────────────────
SampleToken at 0x793f69C1702a0E900a142D8575E44F9E4DA86fFf


📝 Script Logs:
────────────────────────────────────────
  Registry: failed to load registry from .treb/registry.json

✓ Updated registry for anvil-31337 network in namespace default
✓ Script execution completed successfully


=== cmd 1: [show SampleToken] ===
Deployment: default/31337/SampleToken
================================================================================

Basic Information:
  Contract: SampleToken
  Address: 0x793f69C1702a0E900a142D8575E44F9E4DA86fFf
  Type: SINGLETON
  Namespace: default
  Network: 31337

Deployment Strategy:
  Method: CREATE3
  Factory: 0xba5Ed099633D3B313e4D5F7bdc1305d3c28ba5Ed
  Salt: 0xf39fd6e51aad88f6f4ce6ab8827279cfffb92266008c17bb5b7d947ee29414d1
  Entropy: default/src/SampleToken.sol:SampleToken
  Init Code Hash: 0x<HASH>

Artifact Information:
  Path: src/SampleToken.sol
  Compiler: 0.8.30+commit.73712a01
  Bytecode Hash: 0x<HASH>
  Script: script/deploy/DeploySampleToken.s.sol

Verification Status:
  Status: UNVERIFIED

Transaction Information:
  Hash: 0x<HASH>
  Status: EXECUTED
  Sender: 0xf39Fd6e51aad88F6F4ce6aB8827279cffFb92266
  Block: 1

Timestamps:
  Created: <TIMESTAMP>
  Updated: <TIMESTAMP>
