=== cmd 0: [show Counter] ===
Deployment: default/31337/Counter
================================================================================

Basic Information:
  Contract: Counter
  Address: 0x74148047D6bDf624C94eFc07F60cEE7b6052FB29
  Type: SINGLETON
  Namespace: default
  Network: 31337

Deployment Strategy:
  Method: CREATE3
  Factory: 0xba5Ed099633D3B313e4D5F7bdc1305d3c28ba5Ed
  Salt: 0xf39fd6e51aad88f6f4ce6ab8827279cfffb9226600bc0af06a84bc65cc2a2b7f
  Entropy: default/src/Counter.sol:Counter
  Init Code Hash: 0x<HASH>

Artifact Information:
  Path: src/Counter.sol
  Compiler: 0.8.30+commit.73712a01
  Bytecode Hash: 0x<HASH>
  Script: script/deploy/DeployCounter.s.sol

Verification Status:
  Status: UNVERIFIED

Transaction Information:
  Hash: 0x<HASH>
  Status: EXECUTED
  Sender: 0xf39Fd6e51aad88F6F4ce6aB8827279cffFb92266
  Block: 1

Tags:
  - v<VERSION>
  - latest

Timestamps:
  Created: <TIMESTAMP>
  Updated: <TIMESTAMP>
