{
  "31337": {
    "production": {
      "Counter": "0x9526cB2eC6e5b9E38b5A6949543417F84cc878d5"
    }
  },
  "31338": {
    "production": {
      "Counter": "0x9526cB2eC6e5b9E38b5A6949543417F84cc878d5"
    }
  }
}
