{
  "default/31337/ERC1967Proxy:UpgradeableCounter": {
    "id": "default/31337/ERC1967Proxy:UpgradeableCounter",
    "namespace": "default",
    "chainId": 31337,
    "contractName": "ERC1967Proxy",
    "label": "UpgradeableCounter",
    "address": "0x20C1EF3EFA51FC15592BEFff06471E21FfDCDD06",
    "type": "PROXY",
    "transactionId": "tx-<ID>",
    "deploymentStrategy": {
      "method": "CREATE3",
      "salt": "0xf39fd6e51aad88f6f4ce6ab8827279cfffb9226600f6b6fafac5c50203ad95f7",
      "initCodeHash": "0x9e4e4d89d456ceebbd253861b61e693e3e9dd44182d9e412930d2c4f754e0ba6",
      "factory": "0xba5Ed099633D3B313e4D5F7bdc1305d3c28ba5Ed",
      "constructorArgs": "0x000000000000000000000000d63f2d37abb6c1a94a6db9cadcba622ac78d390300000000000000000000000000000000000000000000000000000000000000400000000000000000000000000000000000000000000000000000000000000024c4d66de8000000000000000000000000000000000000000000000000000000000000000000000000000000000000000000000000000000000000000000000000",
      "entropy": "default/ERC1967Proxy:UpgradeableCounter"
    },
    "proxyInfo": {
      "type": "UUPS",
      "implementation": "0xD63F2d37AbB6c1A94A6Db9CadCbA622ac78D3903",
      "history": []
    },
    "artifact": {
      "path": "/Users/bogdan/Workspace/treb/treb-cli/test/testdata/project/lib/openzeppelin-contracts/contracts/proxy/ERC1967/ERC1967Proxy.sol",
      "compilerVersion": "0.8.30+commit.73712a01",
      "bytecodeHash": "0x60e66789468ee3e0a196b52920d2e6b23ab9b178c93b0fc3aa153825427778ed",
      "scriptPath": "script/deploy/DeployUpgradeableCounterProxy.s.sol",
      "gitCommit": ""
    },
    "verification": {
      "status": "UNVERIFIED"
    },
    "tags": null,
    "createdAt": "<TIMESTAMP>+03:00",
    "updatedAt": "<TIMESTAMP>+03:00"
  },
  "default/31337/UpgradeableCounter": {
    "id": "default/31337/UpgradeableCounter",
    "namespace": "default",
    "chainId": 31337,
    "contractName": "UpgradeableCounter",
    "label": "",
    "address": "0xD63F2d37AbB6c1A94A6Db9CadCbA622ac78D3903",
    "type": "SINGLETON",
    "transactionId": "tx-<ID>",
    "deploymentStrategy": {
      "method": "CREATE3",
      "salt": "0xf39fd6e51aad88f6f4ce6ab8827279cfffb92266008d9e2c117c70323e10888e",
      "initCodeHash": "0x9ee6cc9070c62d888123447d58c5c7ac53645ee0666c524ea180907a27a4504b",
      "factory": "0xba5Ed099633D3B313e4D5F7bdc1305d3c28ba5Ed",
      "constructorArgs": "0x",
      "entropy": "default/src/UpgradeableCounter.sol:UpgradeableCounter"
    },
    "proxyInfo": null,
    "artifact": {
      "path": "src/UpgradeableCounter.sol",
      "compilerVersion": "0.8.30+commit.73712a01",
      "bytecodeHash": "0x9ee6cc9070c62d888123447d58c5c7ac53645ee0666c524ea180907a27a4504b",
      "scriptPath": "script/deploy/DeployUpgradeableCounterProxy.s.sol",
      "gitCommit": ""
    },
    "verification": {
      "status": "UNVERIFIED"
    },
    "tags": null,
    "createdAt": "<TIMESTAMP>+03:00",
    "updatedAt": "<TIMESTAMP>+03:00"
  }
}
