=== cmd 0: [run script/deploy/DeployCounter.s.sol --dry-run] ===

🚀 Running Deployment Script
──────────────────────────────────────────────────
  Script:    DeployCounter.s.sol
  Network:   anvil-31337
  Namespace: default
  Mode:      DRY RUN
──────────────────────────────────────────────────

🔄 Transactions:
──────────────────────────────────────────────────

simulated anvil → CreateX::deployCreate3(salt: 0xf39fd6e5..., initCode: 0x60806040...)
├─ create2(16 bytes)
│  └─ [return] 0xDaFaC68f7D2133e3CE0229fAddcd2b1C96D8Eb83
├─ UnknownEvent(0x2feea65d)
├─ 0xDaFaC68f...::0x60806040...
│  └─ 🚀 new Counter()
│     └─ [return] 0x74148047D6bDf624C94eFc07F60cEE7b6052FB29
└─ UnknownEvent(0x4db17dd5)

📦 Deployment Summary:
──────────────────────────────────────────────────
Counter at 0x74148047D6bDf624C94eFc07F60cEE7b6052FB29


📝 Script Logs:
────────────────────────────────────────
  Registry: failed to load registry from .treb/registry.json

✓ Script execution completed successfully
Warning: Could not check treb-sol version: failed to get current commit: failed to get submodule status: exit status 1
