=== cmd 0: [tag Counter --remove v<VERSION>] ===
⚠️  Deployment doesn't have tag 'v<VERSION>'
