{
  "default/31337/ERC1967Proxy:v43": {
    "id": "default/31337/ERC1967Proxy:v43",
    "namespace": "default",
    "chainId": 31337,
    "contractName": "ERC1967Proxy",
    "label": "v43",
    "address": "0x3724061C024d171eF17Cb398825B06326b0c168b",
    "type": "PROXY",
    "transactionId": "tx-<ID>",
    "deploymentStrategy": {
      "method": "CREATE3",
      "salt": "0xf39fd6e51aad88f6f4ce6ab8827279cfffb9226600ff4854ab5ca80f47020720",
      "initCodeHash": "0x72b83d1e356ea8fa850a07d97a6f0ea4f1a384335975ef27a151526ba0b09886",
      "factory": "0xba5Ed099633D3B313e4D5F7bdc1305d3c28ba5Ed",
      "constructorArgs": "0x000000000000000000000000d63f2d37abb6c1a94a6db9cadcba622ac78d390300000000000000000000000000000000000000000000000000000000000000400000000000000000000000000000000000000000000000000000000000000024c4d66de8000000000000000000000000000000000000000000000000000000000000000000000000000000000000000000000000000000000000000000000000",
      "entropy": "default/ERC1967Proxy:v43"
    },
    "proxyInfo": {
      "type": "UUPS",
      "implementation": "0xD63F2d37AbB6c1A94A6Db9CadCbA622ac78D3903",
      "history": []
    },
    "artifact": {
      "path": "lib/openzeppelin-contracts/contracts/proxy/ERC1967/ERC1967Proxy.sol",
      "compilerVersion": "0.8.30+commit.73712a01",
      "bytecodeHash": "0x4da4a4761361b05df0fdc82d6be2240f7ddef6afb308ba17ff2ce9c96760fa1c",
      "scriptPath": "script/deploy/DeployUpgradeableCounterProxy.s.sol",
      "gitCommit": ""
    },
    "verification": {
      "status": "UNVERIFIED"
    },
    "tags": null,
    "createdAt": "<TIMESTAMP>",
    "updatedAt": "<TIMESTAMP>"
  },
  "default/31337/ERC1967Proxy:v44": {
    "id": "default/31337/ERC1967Proxy:v44",
    "namespace": "default",
    "chainId": 31337,
    "contractName": "ERC1967Proxy",
    "label": "v44",
    "address": "0xe2Fa450fD6b49c41aFAB7cdA17105e95D1dd22eA",
    "type": "PROXY",
    "transactionId": "tx-<ID>",
    "deploymentStrategy": {
      "method": "CREATE3",
      "salt": "0xf39fd6e51aad88f6f4ce6ab8827279cfffb92266002a77b7441f0b41d64b66de",
      "initCodeHash": "0x72b83d1e356ea8fa850a07d97a6f0ea4f1a384335975ef27a151526ba0b09886",
      "factory": "0xba5Ed099633D3B313e4D5F7bdc1305d3c28ba5Ed",
      "constructorArgs": "0x000000000000000000000000d63f2d37abb6c1a94a6db9cadcba622ac78d390300000000000000000000000000000000000000000000000000000000000000400000000000000000000000000000000000000000000000000000000000000024c4d66de8000000000000000000000000000000000000000000000000000000000000000000000000000000000000000000000000000000000000000000000000",
      "entropy": "default/ERC1967Proxy:v44"
    },
    "proxyInfo": {
      "type": "UUPS",
      "implementation": "0xD63F2d37AbB6c1A94A6Db9CadCbA622ac78D3903",
      "history": []
    },
    "artifact": {
      "path": "lib/openzeppelin-contracts/contracts/proxy/ERC1967/ERC1967Proxy.sol",
      "compilerVersion": "0.8.30+commit.73712a01",
      "bytecodeHash": "0x4da4a4761361b05df0fdc82d6be2240f7ddef6afb308ba17ff2ce9c96760fa1c",
      "scriptPath": "script/deploy/DeployUpgradeableCounterProxy.s.sol",
      "gitCommit": ""
    },
    "verification": {
      "status": "UNVERIFIED"
    },
    "tags": null,
    "createdAt": "<TIMESTAMP>",
    "updatedAt": "<TIMESTAMP>"
  },
  "default/31337/ERC1967Proxy:v55": {
    "id": "default/31337/ERC1967Proxy:v55",
    "namespace": "default",
    "chainId": 31337,
    "contractName": "ERC1967Proxy",
    "label": "v55",
    "address": "0xc265543Dbc777F9D29FbF9EA9E063B962dd447b9",
    "type": "PROXY",
    "transactionId": "tx-<ID>",
    "deploymentStrategy": {
      "method": "CREATE3",
      "salt": "0xf39fd6e51aad88f6f4ce6ab8827279cfffb922660092f38fe31f8e535978f33c",
      "initCodeHash": "0x72b83d1e356ea8fa850a07d97a6f0ea4f1a384335975ef27a151526ba0b09886",
      "factory": "0xba5Ed099633D3B313e4D5F7bdc1305d3c28ba5Ed",
      "constructorArgs": "0x000000000000000000000000d63f2d37abb6c1a94a6db9cadcba622ac78d390300000000000000000000000000000000000000000000000000000000000000400000000000000000000000000000000000000000000000000000000000000024c4d66de8000000000000000000000000000000000000000000000000000000000000000000000000000000000000000000000000000000000000000000000000",
      "entropy": "default/ERC1967Proxy:v55"
    },
    "proxyInfo": {
      "type": "UUPS",
      "implementation": "0xD63F2d37AbB6c1A94A6Db9CadCbA622ac78D3903",
      "history": []
    },
    "artifact": {
      "path": "lib/openzeppelin-contracts/contracts/proxy/ERC1967/ERC1967Proxy.sol",
      "compilerVersion": "0.8.30+commit.73712a01",
      "bytecodeHash": "0x4da4a4761361b05df0fdc82d6be2240f7ddef6afb308ba17ff2ce9c96760fa1c",
      "scriptPath": "script/deploy/DeployUpgradeableCounterProxy.s.sol",
      "gitCommit": ""
    },
    "verification": {
      "status": "UNVERIFIED"
    },
    "tags": null,
    "createdAt": "<TIMESTAMP>",
    "updatedAt": "<TIMESTAMP>"
  },
  "default/31337/UpgradeableCounter": {
    "id": "default/31337/UpgradeableCounter",
    "namespace": "default",
    "chainId": 31337,
    "contractName": "UpgradeableCounter",
    "label": "",
    "address": "0xD63F2d37AbB6c1A94A6Db9CadCbA622ac78D3903",
    "type": "SINGLETON",
    "transactionId": "tx-<ID>",
    "deploymentStrategy": {
      "method": "CREATE3",
      "salt": "0xf39fd6e51aad88f6f4ce6ab8827279cfffb92266008d9e2c117c70323e10888e",
      "initCodeHash": "0x9ee6cc9070c62d888123447d58c5c7ac53645ee0666c524ea180907a27a4504b",
      "factory": "0xba5Ed099633D3B313e4D5F7bdc1305d3c28ba5Ed",
      "constructorArgs": "0x",
      "entropy": "default/src/UpgradeableCounter.sol:UpgradeableCounter"
    },
    "proxyInfo": null,
    "artifact": {
      "path": "src/UpgradeableCounter.sol",
      "compilerVersion": "0.8.30+commit.73712a01",
      "bytecodeHash": "0x9ee6cc9070c62d888123447d58c5c7ac53645ee0666c524ea180907a27a4504b",
      "scriptPath": "script/deploy/DeployUpgradeableCounterProxy.s.sol",
      "gitCommit": ""
    },
    "verification": {
      "status": "UNVERIFIED"
    },
    "tags": null,
    "createdAt": "<TIMESTAMP>",
    "updatedAt": "<TIMESTAMP>"
  }
}
