{
  "31337": {
    "default": {
      "StringUtils": "0xEcAbca4de814110d52a03Bedb1Ec96827F579d1a"
    }
  }
}
