{
  "default/31337/Counter": {
    "id": "default/31337/Counter",
    "namespace": "default",
    "chainId": 31337,
    "contractName": "Counter",
    "label": "",
    "address": "0x74148047D6bDf624C94eFc07F60cEE7b6052FB29",
    "type": "SINGLETON",
    "transactionId": "tx-<ID>",
    "deploymentStrategy": {
      "method": "CREATE3",
      "salt": "0xf39fd6e51aad88f6f4ce6ab8827279cfffb9226600bc0af06a84bc65cc2a2b7f",
      "initCodeHash": "0x6b4b0d70f62210e7956a96f3bb74f24ec0326d67968691426354cc51d99c27fd",
      "factory": "0xba5Ed099633D3B313e4D5F7bdc1305d3c28ba5Ed",
      "constructorArgs": "0x",
      "entropy": "default/src/Counter.sol:Counter"
    },
    "proxyInfo": null,
    "artifact": {
      "path": "src/Counter.sol",
      "compilerVersion": "0.8.30+commit.73712a01",
      "bytecodeHash": "0x6b4b0d70f62210e7956a96f3bb74f24ec0326d67968691426354cc51d99c27fd",
      "scriptPath": "script/deploy/DeployCounter.s.sol",
      "gitCommit": ""
    },
    "verification": {
      "status": "UNVERIFIED"
    },
    "tags": null,
    "createdAt": "<TIMESTAMP>",
    "updatedAt": "<TIMESTAMP>"
  },
  "default/31337/MyToken": {
    "id": "default/31337/MyToken",
    "namespace": "default",
    "chainId": 31337,
    "contractName": "MyToken",
    "label": "",
    "address": "0x6c8D83F62F83A8D46F091094BA15B75F35A8E85E",
    "type": "SINGLETON",
    "transactionId": "tx-<ID>",
    "deploymentStrategy": {
      "method": "CREATE3",
      "salt": "0xf39fd6e51aad88f6f4ce6ab8827279cfffb9226600b502eb8feed7af152d3bfe",
      "initCodeHash": "0x78c15e22f270e7119aa972bf1daa0fcc6393f5eedf8695940feb5ba75cf93a97",
      "factory": "0xba5Ed099633D3B313e4D5F7bdc1305d3c28ba5Ed",
      "constructorArgs": "0x00000000000000000000000000000000000000000000000000000000000000600000000000000000000000000000000000000000000000000000000000000080000000000000000000000000000000000000000000000000000000000000000000000000000000000000000000000000000000000000000000000000000000000000000000000000000000000000000000000000000000000000000000000000",
      "entropy": "default/src/other/MyToken.sol:MyToken"
    },
    "proxyInfo": null,
    "artifact": {
      "path": "src/other/MyToken.sol",
      "compilerVersion": "0.8.30+commit.73712a01",
      "bytecodeHash": "0xe35dd2d665c8b492a2682f8ba6ba631f24ddebcb9a6278c5ffaaab46ca985586",
      "scriptPath": "script/deploy/DeployMyToken.s.sol",
      "gitCommit": ""
    },
    "verification": {
      "status": "UNVERIFIED"
    },
    "tags": null,
    "createdAt": "<TIMESTAMP>",
    "updatedAt": "<TIMESTAMP>"
  },
  "default/31337/SimpleStorage": {
    "id": "default/31337/SimpleStorage",
    "namespace": "default",
    "chainId": 31337,
    "contractName": "SimpleStorage",
    "label": "",
    "address": "0x2d99D60F162771aE558c2331769a45d2204128a6",
    "type": "SINGLETON",
    "transactionId": "tx-<ID>",
    "deploymentStrategy": {
      "method": "CREATE3",
      "salt": "0xf39fd6e51aad88f6f4ce6ab8827279cfffb9226600b94ab8fb8a011c73ccb7f9",
      "initCodeHash": "0xd105f2c1a139bcb92ff97d0c2df429fb1d0c69b634a73381c0547bf74a6b1f9a",
      "factory": "0xba5Ed099633D3B313e4D5F7bdc1305d3c28ba5Ed",
      "constructorArgs": "0x0000000000000000000000000000000000000000000000000000000000000000",
      "entropy": "default/src/test-dir/SimpleStorage.sol:SimpleStorage"
    },
    "proxyInfo": null,
    "artifact": {
      "path": "src/test-dir/SimpleStorage.sol",
      "compilerVersion": "0.8.30+commit.73712a01",
      "bytecodeHash": "0x1c342adb449e9bfbe3d7469d333d0d5a1a46ee515d57a1be9e298dc6b797f65b",
      "scriptPath": "script/deploy/DeploySimpleStorage.s.sol",
      "gitCommit": ""
    },
    "verification": {
      "status": "UNVERIFIED"
    },
    "tags": null,
    "createdAt": "<TIMESTAMP>",
    "updatedAt": "<TIMESTAMP>"
  }
}
