=== cmd 0: [config] ===
❌ No .treb/config.local.json file found
⚠️  Without config, commands require explicit --namespace and --network flags
