=== cmd 0: [gen deploy Counter] ===
Error: multiple contracts found matching Counter - use full path:contract format to disambiguate:
  - Counter (src/Counter.sol)
  - TestCounter (src/TestCounter.sol)
  - UpgradeableCounter (src/UpgradeableCounter.sol)
  - Counter (src/other/test/Counter.sol)
  - Counter (src/test-dir/Counter.sol)
Usage:
  treb gen deploy <artifact> [flags]

Flags:
  -h, --help                    help for deploy
      --proxy                   Generate proxy deployment script
      --proxy-contract string   Specific proxy contract to use (optional)
      --script-path string      Custom path for the generated script
      --strategy string         Deployment strategy: CREATE2 or CREATE3 (default: CREATE3)

Global Flags:
      --non-interactive   Disable interactive prompts
